# compute N! where N is number in display at start
 0000  08 05     *  J+   
 0001  08 00     *  S    
 0002  00 03     E3      
 0003  06 15    ST15     
 0004  00 01     E1      
 0005  06 14    ST14     
 0006  09 00     *    M  
 0007  00 02     E2      
 0008  07 15    RE15     
 0009  08 04     *  Jo   
 0010  08 00     *  S    
 0011  00 01     E1      
 0012  07 14    RE14     
 0013  09 03     *    Sp 
 0014  09 00     *    M  
 0015  00 01     E1      
 0016  04 14     ×14     
 0017  00 01     E1      
 0018  03 15     -15     
 0019  08 00     *  S    
 0020  00 02     E2      
 0021  09 00     *    M  
 0022  00 03     E3      
 0023  00 15     E15     
 0024  09 14     *    EP
