# compute and print prime numbers starting at 2
 0000  00 14     E14     
 0001  00 02     E2      
 0002  08 02     *  W    
 0003  00 00     E0      
 0004  00 01     E1      
 0005  06 01    ST1      
 0006  09 00     *    M  
 0007  00 00     E0      
 0008  00 02     E2      
 0009  02 01     +1      
 0010  06 00    ST0      
 0011  00 01     E1      
 0012  00 11     E11     
 0013  00 01     E1      
 0014  00 00     E0      
 0015  09 02     *    α  
 0016  08 06     *  SN   
 0017  08 00     *  S    
 0018  10 01     f1      
 0019  07 01    RE1      
 0020  08 13     *  √X   
 0021  09 12     *    I  
 0022  06 00    ST0      
 0023  00 02     E2      
 0024  02 00     +0      
 0025  00 01     E1      
 0026  06 08    ST8      
 0027  09 00     *    M  
 0028  00 01     E1      
 0029  07 01    RE1      
 0030  06 02    ST2      
 0031  00 01     E1      
 0032  02 08     +8      
 0033  09 02     *    α  
 0034  08 04     *  Jo   
 0035  08 00     *  S    
 0036  00 05     E5      
 0037  08 00     *  S    
 0038  00 08     E8      
 0039  09 00     *    M  
 0040  00 05     E5      
 0041  07 08    RE8      
 0042  05 02     ÷2      
 0043  06 10    ST10     
 0044  09 12     *    I  
 0045  03 10     -10     
 0046  08 04     *  Jo   
 0047  08 00     *  S    
 0048  00 01     E1      
 0049  08 00     *  S    
 0050  00 00     E0      
 0051  09 00     *    M  
 0052  00 08     E8      
 0053  07 01    RE1      
 0054  08 02     *  W    
 0055  00 00     E0      
 0056  08 00     *  S    
 0057  00 00     E0      
 0058  09 00     *    M  
 0059  10 01     f1      
 0060  00 15     E15     
 0061  09 03     *    Sp 
 0062  09 14     *    EP 
